{"xx":{"Single line id":"A single line string","Multi line id":"A multi line string","Another single line id":"A single line string 2"}}